Archive member included to satisfy reference by file (symbol)

c:/st/stm32cubeide_1.4.0/stm32cubeide/plugins/com.st.stm32cube.ide.mcu.externaltools.gnu-tools-for-stm32.7-2018-q2-update.win32_1.4.0.202007081208/tools/bin/../lib/gcc/arm-none-eabi/7.3.1/../../../../arm-none-eabi/lib/thumb/v7e-m/fpv4-sp/hard\libc_nano.a(lib_a-errno.o)
                              Core/Src/syscalls.o (__errno)
c:/st/stm32cubeide_1.4.0/stm32cubeide/plugins/com.st.stm32cube.ide.mcu.externaltools.gnu-tools-for-stm32.7-2018-q2-update.win32_1.4.0.202007081208/tools/bin/../lib/gcc/arm-none-eabi/7.3.1/../../../../arm-none-eabi/lib/thumb/v7e-m/fpv4-sp/hard\libc_nano.a(lib_a-exit.o)
                              c:/st/stm32cubeide_1.4.0/stm32cubeide/plugins/com.st.stm32cube.ide.mcu.externaltools.gnu-tools-for-stm32.7-2018-q2-update.win32_1.4.0.202007081208/tools/bin/../lib/gcc/arm-none-eabi/7.3.1/../../../../arm-none-eabi/lib/thumb/v7e-m/fpv4-sp/hard/crt0.o (exit)
c:/st/stm32cubeide_1.4.0/stm32cubeide/plugins/com.st.stm32cube.ide.mcu.externaltools.gnu-tools-for-stm32.7-2018-q2-update.win32_1.4.0.202007081208/tools/bin/../lib/gcc/arm-none-eabi/7.3.1/../../../../arm-none-eabi/lib/thumb/v7e-m/fpv4-sp/hard\libc_nano.a(lib_a-impure.o)
                              c:/st/stm32cubeide_1.4.0/stm32cubeide/plugins/com.st.stm32cube.ide.mcu.externaltools.gnu-tools-for-stm32.7-2018-q2-update.win32_1.4.0.202007081208/tools/bin/../lib/gcc/arm-none-eabi/7.3.1/../../../../arm-none-eabi/lib/thumb/v7e-m/fpv4-sp/hard\libc_nano.a(lib_a-exit.o) (_global_impure_ptr)
c:/st/stm32cubeide_1.4.0/stm32cubeide/plugins/com.st.stm32cube.ide.mcu.externaltools.gnu-tools-for-stm32.7-2018-q2-update.win32_1.4.0.202007081208/tools/bin/../lib/gcc/arm-none-eabi/7.3.1/../../../../arm-none-eabi/lib/thumb/v7e-m/fpv4-sp/hard\libc_nano.a(lib_a-init.o)
                              c:/st/stm32cubeide_1.4.0/stm32cubeide/plugins/com.st.stm32cube.ide.mcu.externaltools.gnu-tools-for-stm32.7-2018-q2-update.win32_1.4.0.202007081208/tools/bin/../lib/gcc/arm-none-eabi/7.3.1/../../../../arm-none-eabi/lib/thumb/v7e-m/fpv4-sp/hard/crt0.o (__libc_init_array)
c:/st/stm32cubeide_1.4.0/stm32cubeide/plugins/com.st.stm32cube.ide.mcu.externaltools.gnu-tools-for-stm32.7-2018-q2-update.win32_1.4.0.202007081208/tools/bin/../lib/gcc/arm-none-eabi/7.3.1/../../../../arm-none-eabi/lib/thumb/v7e-m/fpv4-sp/hard\libc_nano.a(lib_a-memset.o)
                              c:/st/stm32cubeide_1.4.0/stm32cubeide/plugins/com.st.stm32cube.ide.mcu.externaltools.gnu-tools-for-stm32.7-2018-q2-update.win32_1.4.0.202007081208/tools/bin/../lib/gcc/arm-none-eabi/7.3.1/../../../../arm-none-eabi/lib/thumb/v7e-m/fpv4-sp/hard/crt0.o (memset)
c:/st/stm32cubeide_1.4.0/stm32cubeide/plugins/com.st.stm32cube.ide.mcu.externaltools.gnu-tools-for-stm32.7-2018-q2-update.win32_1.4.0.202007081208/tools/bin/../lib/gcc/arm-none-eabi/7.3.1/thumb/v7e-m/fpv4-sp/hard\libgcc.a(_aeabi_uldivmod.o)
                              Drivers/STM32F4xx_HAL_Driver/Src/stm32f4xx_hal_rcc.o (__aeabi_uldivmod)
c:/st/stm32cubeide_1.4.0/stm32cubeide/plugins/com.st.stm32cube.ide.mcu.externaltools.gnu-tools-for-stm32.7-2018-q2-update.win32_1.4.0.202007081208/tools/bin/../lib/gcc/arm-none-eabi/7.3.1/thumb/v7e-m/fpv4-sp/hard\libgcc.a(_udivmoddi4.o)
                              c:/st/stm32cubeide_1.4.0/stm32cubeide/plugins/com.st.stm32cube.ide.mcu.externaltools.gnu-tools-for-stm32.7-2018-q2-update.win32_1.4.0.202007081208/tools/bin/../lib/gcc/arm-none-eabi/7.3.1/thumb/v7e-m/fpv4-sp/hard\libgcc.a(_aeabi_uldivmod.o) (__udivmoddi4)
c:/st/stm32cubeide_1.4.0/stm32cubeide/plugins/com.st.stm32cube.ide.mcu.externaltools.gnu-tools-for-stm32.7-2018-q2-update.win32_1.4.0.202007081208/tools/bin/../lib/gcc/arm-none-eabi/7.3.1/thumb/v7e-m/fpv4-sp/hard\libgcc.a(_dvmd_tls.o)
                              c:/st/stm32cubeide_1.4.0/stm32cubeide/plugins/com.st.stm32cube.ide.mcu.externaltools.gnu-tools-for-stm32.7-2018-q2-update.win32_1.4.0.202007081208/tools/bin/../lib/gcc/arm-none-eabi/7.3.1/thumb/v7e-m/fpv4-sp/hard\libgcc.a(_aeabi_uldivmod.o) (__aeabi_ldiv0)

Allocating common symbols
Common symbol       size              file

getSytemClock       0x4               Core/Src/sw.o
uwTick              0x4               Drivers/STM32F4xx_HAL_Driver/Src/stm32f4xx_hal.o
pFlash              0x20              Drivers/STM32F4xx_HAL_Driver/Src/stm32f4xx_hal_flash.o
hadc1               0x48              Core/Src/adc.o
hcan2               0x28              Core/Src/can.o
sendCanMsg          0x4               Core/Src/sw.o
swHandle            0x20              Core/Src/main.o
txMailbox           0x4               Core/Src/main.o

Discarded input sections

 .text          0x0000000000000000        0x0 c:/st/stm32cubeide_1.4.0/stm32cubeide/plugins/com.st.stm32cube.ide.mcu.externaltools.gnu-tools-for-stm32.7-2018-q2-update.win32_1.4.0.202007081208/tools/bin/../lib/gcc/arm-none-eabi/7.3.1/thumb/v7e-m/fpv4-sp/hard/crti.o
[...]
Memory Configuration

Name             Origin             Length             Attributes
RAM              0x0000000020000000 0x0000000000020000 xrw
FLASH            0x0000000008000000 0x0000000000080000 xr
*default*        0x0000000000000000 0xffffffffffffffff

Linker script and memory map

LOAD c:/st/stm32cubeide_1.4.0/stm32cubeide/plugins/com.st.stm32cube.ide.mcu.externaltools.gnu-tools-for-stm32.7-2018-q2-update.win32_1.4.0.202007081208/tools/bin/../lib/gcc/arm-none-eabi/7.3.1/thumb/v7e-m/fpv4-sp/hard/crti.o
LOAD c:/st/stm32cubeide_1.4.0/stm32cubeide/plugins/com.st.stm32cube.ide.mcu.externaltools.gnu-tools-for-stm32.7-2018-q2-update.win32_1.4.0.202007081208/tools/bin/../lib/gcc/arm-none-eabi/7.3.1/thumb/v7e-m/fpv4-sp/hard/crtbegin.o
LOAD c:/st/stm32cubeide_1.4.0/stm32cubeide/plugins/com.st.stm32cube.ide.mcu.externaltools.gnu-tools-for-stm32.7-2018-q2-update.win32_1.4.0.202007081208/tools/bin/../lib/gcc/arm-none-eabi/7.3.1/../../../../arm-none-eabi/lib/thumb/v7e-m/fpv4-sp/hard/crt0.o
LOAD Core/Src/adc.o
LOAD Core/Src/can.o
LOAD Core/Src/gpio.o
LOAD Core/Src/main.o
LOAD Core/Src/stm32f4xx_hal_msp.o
LOAD Core/Src/stm32f4xx_it.o
LOAD Core/Src/sw.o
LOAD Core/Src/swConfig.o
LOAD Core/Src/swInputsIO.o
LOAD Core/Src/syscalls.o
LOAD Core/Src/sysmem.o
LOAD Core/Src/system_stm32f4xx.o
LOAD Core/Startup/startup_stm32f446retx.o
LOAD Drivers/STM32F4xx_HAL_Driver/Src/stm32f4xx_hal.o
LOAD Drivers/STM32F4xx_HAL_Driver/Src/stm32f4xx_hal_adc.o
LOAD Drivers/STM32F4xx_HAL_Driver/Src/stm32f4xx_hal_adc_ex.o
LOAD Drivers/STM32F4xx_HAL_Driver/Src/stm32f4xx_hal_can.o
LOAD Drivers/STM32F4xx_HAL_Driver/Src/stm32f4xx_hal_cortex.o
LOAD Drivers/STM32F4xx_HAL_Driver/Src/stm32f4xx_hal_dma.o
LOAD Drivers/STM32F4xx_HAL_Driver/Src/stm32f4xx_hal_dma_ex.o
LOAD Drivers/STM32F4xx_HAL_Driver/Src/stm32f4xx_hal_exti.o
LOAD Drivers/STM32F4xx_HAL_Driver/Src/stm32f4xx_hal_flash.o
LOAD Drivers/STM32F4xx_HAL_Driver/Src/stm32f4xx_hal_flash_ex.o
LOAD Drivers/STM32F4xx_HAL_Driver/Src/stm32f4xx_hal_flash_ramfunc.o
LOAD Drivers/STM32F4xx_HAL_Driver/Src/stm32f4xx_hal_gpio.o
LOAD Drivers/STM32F4xx_HAL_Driver/Src/stm32f4xx_hal_pwr.o
LOAD Drivers/STM32F4xx_HAL_Driver/Src/stm32f4xx_hal_pwr_ex.o
LOAD Drivers/STM32F4xx_HAL_Driver/Src/stm32f4xx_hal_rcc.o
LOAD Drivers/STM32F4xx_HAL_Driver/Src/stm32f4xx_hal_rcc_ex.o
LOAD Drivers/STM32F4xx_HAL_Driver/Src/stm32f4xx_hal_tim.o
LOAD Drivers/STM32F4xx_HAL_Driver/Src/stm32f4xx_hal_tim_ex.o
START GROUP
LOAD c:/st/stm32cubeide_1.4.0/stm32cubeide/plugins/com.st.stm32cube.ide.mcu.externaltools.gnu-tools-for-stm32.7-2018-q2-update.win32_1.4.0.202007081208/tools/bin/../lib/gcc/arm-none-eabi/7.3.1/../../../../arm-none-eabi/lib/thumb/v7e-m/fpv4-sp/hard\libc_nano.a
LOAD c:/st/stm32cubeide_1.4.0/stm32cubeide/plugins/com.st.stm32cube.ide.mcu.externaltools.gnu-tools-for-stm32.7-2018-q2-update.win32_1.4.0.202007081208/tools/bin/../lib/gcc/arm-none-eabi/7.3.1/../../../../arm-none-eabi/lib/thumb/v7e-m/fpv4-sp/hard\libm.a
END GROUP
START GROUP
LOAD c:/st/stm32cubeide_1.4.0/stm32cubeide/plugins/com.st.stm32cube.ide.mcu.externaltools.gnu-tools-for-stm32.7-2018-q2-update.win32_1.4.0.202007081208/tools/bin/../lib/gcc/arm-none-eabi/7.3.1/thumb/v7e-m/fpv4-sp/hard\libgcc.a
LOAD c:/st/stm32cubeide_1.4.0/stm32cubeide/plugins/com.st.stm32cube.ide.mcu.externaltools.gnu-tools-for-stm32.7-2018-q2-update.win32_1.4.0.202007081208/tools/bin/../lib/gcc/arm-none-eabi/7.3.1/../../../../arm-none-eabi/lib/thumb/v7e-m/fpv4-sp/hard\libc_nano.a
END GROUP
START GROUP
LOAD c:/st/stm32cubeide_1.4.0/stm32cubeide/plugins/com.st.stm32cube.ide.mcu.externaltools.gnu-tools-for-stm32.7-2018-q2-update.win32_1.4.0.202007081208/tools/bin/../lib/gcc/arm-none-eabi/7.3.1/thumb/v7e-m/fpv4-sp/hard\libgcc.a
LOAD c:/st/stm32cubeide_1.4.0/stm32cubeide/plugins/com.st.stm32cube.ide.mcu.externaltools.gnu-tools-for-stm32.7-2018-q2-update.win32_1.4.0.202007081208/tools/bin/../lib/gcc/arm-none-eabi/7.3.1/../../../../arm-none-eabi/lib/thumb/v7e-m/fpv4-sp/hard\libc_nano.a
LOAD c:/st/stm32cubeide_1.4.0/stm32cubeide/plugins/com.st.stm32cube.ide.mcu.externaltools.gnu-tools-for-stm32.7-2018-q2-update.win32_1.4.0.202007081208/tools/bin/../lib/gcc/arm-none-eabi/7.3.1/../../../../arm-none-eabi/lib/thumb/v7e-m/fpv4-sp/hard\libnosys.a
END GROUP
START GROUP
LOAD c:/st/stm32cubeide_1.4.0/stm32cubeide/plugins/com.st.stm32cube.ide.mcu.externaltools.gnu-tools-for-stm32.7-2018-q2-update.win32_1.4.0.202007081208/tools/bin/../lib/gcc/arm-none-eabi/7.3.1/thumb/v7e-m/fpv4-sp/hard\libgcc.a
LOAD c:/st/stm32cubeide_1.4.0/stm32cubeide/plugins/com.st.stm32cube.ide.mcu.externaltools.gnu-tools-for-stm32.7-2018-q2-update.win32_1.4.0.202007081208/tools/bin/../lib/gcc/arm-none-eabi/7.3.1/../../../../arm-none-eabi/lib/thumb/v7e-m/fpv4-sp/hard\libc_nano.a
LOAD c:/st/stm32cubeide_1.4.0/stm32cubeide/plugins/com.st.stm32cube.ide.mcu.externaltools.gnu-tools-for-stm32.7-2018-q2-update.win32_1.4.0.202007081208/tools/bin/../lib/gcc/arm-none-eabi/7.3.1/../../../../arm-none-eabi/lib/thumb/v7e-m/fpv4-sp/hard\libnosys.a
END GROUP
LOAD c:/st/stm32cubeide_1.4.0/stm32cubeide/plugins/com.st.stm32cube.ide.mcu.externaltools.gnu-tools-for-stm32.7-2018-q2-update.win32_1.4.0.202007081208/tools/bin/../lib/gcc/arm-none-eabi/7.3.1/thumb/v7e-m/fpv4-sp/hard/crtend.o
LOAD c:/st/stm32cubeide_1.4.0/stm32cubeide/plugins/com.st.stm32cube.ide.mcu.externaltools.gnu-tools-for-stm32.7-2018-q2-update.win32_1.4.0.202007081208/tools/bin/../lib/gcc/arm-none-eabi/7.3.1/thumb/v7e-m/fpv4-sp/hard/crtn.o
                0x0000000020020000                _estack = (ORIGIN (RAM) + LENGTH (RAM))
                0x0000000000000200                _Min_Heap_Size = 0x200
                0x0000000000000400                _Min_Stack_Size = 0x400

.isr_vector     0x0000000008000000      0x1c4
                0x0000000008000000                . = ALIGN (0x4)
 *(.isr_vector)
 .isr_vector    0x0000000008000000      0x1c4 Core/Startup/startup_stm32f446retx.o
                0x0000000008000000                g_pfnVectors
                0x00000000080001c4                . = ALIGN (0x4)

.text           0x00000000080001c4     0x2868
                0x00000000080001c4                . = ALIGN (0x4)
 *(.text)
 .text          0x00000000080001c4       0x40 c:/st/stm32cubeide_1.4.0/stm32cubeide/plugins/com.st.stm32cube.ide.mcu.externaltools.gnu-tools-for-stm32.7-2018-q2-update.win32_1.4.0.202007081208/tools/bin/../lib/gcc/arm-none-eabi/7.3.1/thumb/v7e-m/fpv4-sp/hard/crtbegin.o
 .text          0x0000000008000204       0x30 c:/st/stm32cubeide_1.4.0/stm32cubeide/plugins/com.st.stm32cube.ide.mcu.externaltools.gnu-tools-for-stm32.7-2018-q2-update.win32_1.4.0.202007081208/tools/bin/../lib/gcc/arm-none-eabi/7.3.1/thumb/v7e-m/fpv4-sp/hard\libgcc.a(_aeabi_uldivmod.o)
                0x0000000008000204                __aeabi_uldivmod
 .text          0x0000000008000234      0x2cc c:/st/stm32cubeide_1.4.0/stm32cubeide/plugins/com.st.stm32cube.ide.mcu.externaltools.gnu-tools-for-stm32.7-2018-q2-update.win32_1.4.0.202007081208/tools/bin/../lib/gcc/arm-none-eabi/7.3.1/thumb/v7e-m/fpv4-sp/hard\libgcc.a(_udivmoddi4.o)
                0x0000000008000234                __udivmoddi4
 .text          0x0000000008000500        0x4 c:/st/stm32cubeide_1.4.0/stm32cubeide/plugins/com.st.stm32cube.ide.mcu.externaltools.gnu-tools-for-stm32.7-2018-q2-update.win32_1.4.0.202007081208/tools/bin/../lib/gcc/arm-none-eabi/7.3.1/thumb/v7e-m/fpv4-sp/hard\libgcc.a(_dvmd_tls.o)
                0x0000000008000500                __aeabi_idiv0
                0x0000000008000500                __aeabi_ldiv0
 *(.text*)
 .text.MX_ADC1_Init
                0x0000000008000504       0xa4 Core/Src/adc.o
                0x0000000008000504                MX_ADC1_Init
 .text.HAL_ADC_MspInit
                0x00000000080005a8       0x88 Core/Src/adc.o
                0x00000000080005a8                HAL_ADC_MspInit
 .text.MX_CAN2_Init
                0x0000000008000630       0x6c Core/Src/can.o
                0x0000000008000630                MX_CAN2_Init
 .text.HAL_CAN_MspInit
                0x000000000800069c       0xac Core/Src/can.o
                0x000000000800069c                HAL_CAN_MspInit
 .text.MX_GPIO_Init
                0x0000000008000748       0xd0 Core/Src/gpio.o
                0x0000000008000748                MX_GPIO_Init
 .text.main     0x0000000008000818       0x48 Core/Src/main.o
                0x0000000008000818                main
 .text.SystemClock_Config
                0x0000000008000860       0xc0 Core/Src/main.o
                0x0000000008000860                SystemClock_Config
 .text.sendCanMessage
                0x0000000008000920       0x54 Core/Src/main.o
                0x0000000008000920                sendCanMessage
 .text.Error_Handler
                0x0000000008000974        0xe Core/Src/main.o
                0x0000000008000974                Error_Handler
 *fill*         0x0000000008000982        0x2 
 .text.HAL_MspInit
                0x0000000008000984       0x50 Core/Src/stm32f4xx_hal_msp.o
                0x0000000008000984                HAL_MspInit
 .text.NMI_Handler
                0x00000000080009d4        0xe Core/Src/stm32f4xx_it.o
                0x00000000080009d4                NMI_Handler
 .text.HardFault_Handler
                0x00000000080009e2        0x6 Core/Src/stm32f4xx_it.o
                0x00000000080009e2                HardFault_Handler
 .text.MemManage_Handler
                0x00000000080009e8        0x6 Core/Src/stm32f4xx_it.o
                0x00000000080009e8                MemManage_Handler
 .text.BusFault_Handler
                0x00000000080009ee        0x6 Core/Src/stm32f4xx_it.o
                0x00000000080009ee                BusFault_Handler
 .text.UsageFault_Handler
                0x00000000080009f4        0x6 Core/Src/stm32f4xx_it.o
                0x00000000080009f4                UsageFault_Handler
 .text.SVC_Handler
                0x00000000080009fa        0xe Core/Src/stm32f4xx_it.o
                0x00000000080009fa                SVC_Handler
 .text.DebugMon_Handler
                0x0000000008000a08        0xe Core/Src/stm32f4xx_it.o
                0x0000000008000a08                DebugMon_Handler
 .text.PendSV_Handler
                0x0000000008000a16        0xe Core/Src/stm32f4xx_it.o
                0x0000000008000a16                PendSV_Handler
 .text.SysTick_Handler
                0x0000000008000a24        0xc Core/Src/stm32f4xx_it.o
                0x0000000008000a24                SysTick_Handler
 .text.writeAnalogInputValueToCanMessage
                0x0000000008000a30       0x62 Core/Src/sw.o
 .text.writeDigitalInputValueToCanMessage
                0x0000000008000a92       0x72 Core/Src/sw.o
 .text.SW_init  0x0000000008000b04       0x58 Core/Src/sw.o
                0x0000000008000b04                SW_init
 .text.SW_handler
                0x0000000008000b5c      0x100 Core/Src/sw.o
                0x0000000008000b5c                SW_handler
 .text.Sw_InitializeInputs
                0x0000000008000c5c       0x10 Core/Src/swInputsIO.o
                0x0000000008000c5c                Sw_InitializeInputs
 .text.InvertDigitalInputStatus
                0x0000000008000c6c       0x2e Core/Src/swInputsIO.o
 *fill*         0x0000000008000c9a        0x2 
 .text.SW_ReadAnalogInput
                0x0000000008000c9c       0x30 Core/Src/swInputsIO.o
 .text.SW_ReadDigitalInput
                0x0000000008000ccc       0xbc Core/Src/swInputsIO.o
 .text.SW_GetAnalogInputValue
                0x0000000008000d88        0xe Core/Src/swInputsIO.o
                0x0000000008000d88                SW_GetAnalogInputValue
 .text.SW_GetDigitalInputValue
                0x0000000008000d96       0x1c Core/Src/swInputsIO.o
                0x0000000008000d96                SW_GetDigitalInputValue
 *fill*         0x0000000008000db2        0x2 
 .text.SystemInit
                0x0000000008000db4       0x2c Core/Src/system_stm32f4xx.o
                0x0000000008000db4                SystemInit
 .text.Reset_Handler
                0x0000000008000de0       0x50 Core/Startup/startup_stm32f446retx.o
                0x0000000008000de0                Reset_Handler
 .text.Default_Handler
                0x0000000008000e30        0x2 Core/Startup/startup_stm32f446retx.o
                0x0000000008000e30                RTC_Alarm_IRQHandler
                0x0000000008000e30                EXTI2_IRQHandler
                0x0000000008000e30                TIM8_CC_IRQHandler
                0x0000000008000e30                FMPI2C1_EV_IRQHandler
                0x0000000008000e30                SPI4_IRQHandler
                0x0000000008000e30                TIM1_CC_IRQHandler
                0x0000000008000e30                DMA2_Stream5_IRQHandler
                0x0000000008000e30                DMA1_Stream5_IRQHandler
                0x0000000008000e30                PVD_IRQHandler
                0x0000000008000e30                SDIO_IRQHandler
                0x0000000008000e30                TAMP_STAMP_IRQHandler
                0x0000000008000e30                CAN2_RX1_IRQHandler
                0x0000000008000e30                EXTI3_IRQHandler
                0x0000000008000e30                TIM8_TRG_COM_TIM14_IRQHandler
                0x0000000008000e30                TIM1_UP_TIM10_IRQHandler
                0x0000000008000e30                TIM8_UP_TIM13_IRQHandler
                0x0000000008000e30                I2C3_ER_IRQHandler
                0x0000000008000e30                EXTI0_IRQHandler
                0x0000000008000e30                I2C2_EV_IRQHandler
                0x0000000008000e30                DMA1_Stream2_IRQHandler
                0x0000000008000e30                CAN1_RX0_IRQHandler
                0x0000000008000e30                FPU_IRQHandler
                0x0000000008000e30                OTG_HS_WKUP_IRQHandler
                0x0000000008000e30                CAN2_SCE_IRQHandler
                0x0000000008000e30                DMA2_Stream2_IRQHandler
                0x0000000008000e30                SPI1_IRQHandler
                0x0000000008000e30                TIM6_DAC_IRQHandler
                0x0000000008000e30                TIM1_BRK_TIM9_IRQHandler
                0x0000000008000e30                DCMI_IRQHandler
                0x0000000008000e30                CAN2_RX0_IRQHandler
                0x0000000008000e30                DMA2_Stream3_IRQHandler
                0x0000000008000e30                SAI2_IRQHandler
                0x0000000008000e30                USART6_IRQHandler
                0x0000000008000e30                USART3_IRQHandler
                0x0000000008000e30                CAN1_RX1_IRQHandler
                0x0000000008000e30                UART5_IRQHandler
                0x0000000008000e30                DMA2_Stream0_IRQHandler
                0x0000000008000e30                TIM4_IRQHandler
                0x0000000008000e30                QUADSPI_IRQHandler
                0x0000000008000e30                I2C1_EV_IRQHandler
                0x0000000008000e30                DMA1_Stream6_IRQHandler
                0x0000000008000e30                DMA1_Stream1_IRQHandler
                0x0000000008000e30                UART4_IRQHandler
                0x0000000008000e30                TIM3_IRQHandler
                0x0000000008000e30                RCC_IRQHandler
                0x0000000008000e30                TIM8_BRK_TIM12_IRQHandler
                0x0000000008000e30                Default_Handler
                0x0000000008000e30                CEC_IRQHandler
                0x0000000008000e30                EXTI15_10_IRQHandler
                0x0000000008000e30                ADC_IRQHandler
                0x0000000008000e30                DMA1_Stream7_IRQHandler
                0x0000000008000e30                TIM7_IRQHandler
                0x0000000008000e30                CAN2_TX_IRQHandler
                0x0000000008000e30                TIM5_IRQHandler
                0x0000000008000e30                DMA2_Stream7_IRQHandler
                0x0000000008000e30                I2C3_EV_IRQHandler
                0x0000000008000e30                EXTI9_5_IRQHandler
                0x0000000008000e30                RTC_WKUP_IRQHandler
                0x0000000008000e30                SPDIF_RX_IRQHandler
                0x0000000008000e30                SPI2_IRQHandler
                0x0000000008000e30                OTG_HS_EP1_IN_IRQHandler
                0x0000000008000e30                DMA1_Stream0_IRQHandler
                0x0000000008000e30                CAN1_TX_IRQHandler
                0x0000000008000e30                FMPI2C1_ER_IRQHandler
                0x0000000008000e30                EXTI4_IRQHandler
                0x0000000008000e30                OTG_HS_EP1_OUT_IRQHandler
                0x0000000008000e30                WWDG_IRQHandler
                0x0000000008000e30                TIM2_IRQHandler
                0x0000000008000e30                OTG_FS_WKUP_IRQHandler
                0x0000000008000e30                TIM1_TRG_COM_TIM11_IRQHandler
                0x0000000008000e30                OTG_HS_IRQHandler
                0x0000000008000e30                EXTI1_IRQHandler
                0x0000000008000e30                USART2_IRQHandler
                0x0000000008000e30                I2C2_ER_IRQHandler
                0x0000000008000e30                DMA2_Stream1_IRQHandler
                0x0000000008000e30                CAN1_SCE_IRQHandler
                0x0000000008000e30                FLASH_IRQHandler
                0x0000000008000e30                DMA2_Stream4_IRQHandler
                0x0000000008000e30                USART1_IRQHandler
                0x0000000008000e30                OTG_FS_IRQHandler
                0x0000000008000e30                SPI3_IRQHandler
                0x0000000008000e30                DMA1_Stream4_IRQHandler
                0x0000000008000e30                I2C1_ER_IRQHandler
                0x0000000008000e30                FMC_IRQHandler
                0x0000000008000e30                DMA2_Stream6_IRQHandler
                0x0000000008000e30                SAI1_IRQHandler
                0x0000000008000e30                DMA1_Stream3_IRQHandler
 *fill*         0x0000000008000e32        0x2 
 .text.HAL_Init
                0x0000000008000e34       0x44 Drivers/STM32F4xx_HAL_Driver/Src/stm32f4xx_hal.o
                0x0000000008000e34                HAL_Init
 .text.HAL_InitTick
                0x0000000008000e78       0x60 Drivers/STM32F4xx_HAL_Driver/Src/stm32f4xx_hal.o
                0x0000000008000e78                HAL_InitTick
 .text.HAL_IncTick
                0x0000000008000ed8       0x28 Drivers/STM32F4xx_HAL_Driver/Src/stm32f4xx_hal.o
                0x0000000008000ed8                HAL_IncTick
 .text.HAL_GetTick
                0x0000000008000f00       0x18 Drivers/STM32F4xx_HAL_Driver/Src/stm32f4xx_hal.o
                0x0000000008000f00                HAL_GetTick
 .text.HAL_ADC_Init
                0x0000000008000f18       0x86 Drivers/STM32F4xx_HAL_Driver/Src/stm32f4xx_hal_adc.o
                0x0000000008000f18                HAL_ADC_Init
 *fill*         0x0000000008000f9e        0x2 
 .text.HAL_ADC_Start
                0x0000000008000fa0      0x18c Drivers/STM32F4xx_HAL_Driver/Src/stm32f4xx_hal_adc.o
                0x0000000008000fa0                HAL_ADC_Start
 .text.HAL_ADC_PollForConversion
                0x000000000800112c      0x108 Drivers/STM32F4xx_HAL_Driver/Src/stm32f4xx_hal_adc.o
                0x000000000800112c                HAL_ADC_PollForConversion
 .text.HAL_ADC_GetValue
                0x0000000008001234       0x1a Drivers/STM32F4xx_HAL_Driver/Src/stm32f4xx_hal_adc.o
                0x0000000008001234                HAL_ADC_GetValue
 *fill*         0x000000000800124e        0x2 
 .text.HAL_ADC_ConfigChannel
                0x0000000008001250      0x264 Drivers/STM32F4xx_HAL_Driver/Src/stm32f4xx_hal_adc.o
                0x0000000008001250                HAL_ADC_ConfigChannel
 .text.ADC_Init
                0x00000000080014b4      0x1f8 Drivers/STM32F4xx_HAL_Driver/Src/stm32f4xx_hal_adc.o
 .text.HAL_CAN_Init
                0x00000000080016ac      0x1f6 Drivers/STM32F4xx_HAL_Driver/Src/stm32f4xx_hal_can.o
                0x00000000080016ac                HAL_CAN_Init
 .text.HAL_CAN_Start
                0x00000000080018a2       0x88 Drivers/STM32F4xx_HAL_Driver/Src/stm32f4xx_hal_can.o
                0x00000000080018a2                HAL_CAN_Start
 .text.HAL_CAN_AddTxMessage
                0x000000000800192a      0x1b6 Drivers/STM32F4xx_HAL_Driver/Src/stm32f4xx_hal_can.o
                0x000000000800192a                HAL_CAN_AddTxMessage
 .text.__NVIC_SetPriorityGrouping
                0x0000000008001ae0       0x48 Drivers/STM32F4xx_HAL_Driver/Src/stm32f4xx_hal_cortex.o
 .text.__NVIC_GetPriorityGrouping
                0x0000000008001b28       0x1c Drivers/STM32F4xx_HAL_Driver/Src/stm32f4xx_hal_cortex.o
 .text.__NVIC_SetPriority
                0x0000000008001b44       0x54 Drivers/STM32F4xx_HAL_Driver/Src/stm32f4xx_hal_cortex.o
 .text.NVIC_EncodePriority
                0x0000000008001b98       0x66 Drivers/STM32F4xx_HAL_Driver/Src/stm32f4xx_hal_cortex.o
 *fill*         0x0000000008001bfe        0x2 
 .text.SysTick_Config
                0x0000000008001c00       0x44 Drivers/STM32F4xx_HAL_Driver/Src/stm32f4xx_hal_cortex.o
 .text.HAL_NVIC_SetPriorityGrouping
                0x0000000008001c44       0x16 Drivers/STM32F4xx_HAL_Driver/Src/stm32f4xx_hal_cortex.o
                0x0000000008001c44                HAL_NVIC_SetPriorityGrouping
 .text.HAL_NVIC_SetPriority
                0x0000000008001c5a       0x38 Drivers/STM32F4xx_HAL_Driver/Src/stm32f4xx_hal_cortex.o
                0x0000000008001c5a                HAL_NVIC_SetPriority
 .text.HAL_SYSTICK_Config
                0x0000000008001c92       0x18 Drivers/STM32F4xx_HAL_Driver/Src/stm32f4xx_hal_cortex.o
                0x0000000008001c92                HAL_SYSTICK_Config
 *fill*         0x0000000008001caa        0x2 
 .text.HAL_GPIO_Init
                0x0000000008001cac      0x324 Drivers/STM32F4xx_HAL_Driver/Src/stm32f4xx_hal_gpio.o
                0x0000000008001cac                HAL_GPIO_Init
 .text.HAL_GPIO_ReadPin
                0x0000000008001fd0       0x30 Drivers/STM32F4xx_HAL_Driver/Src/stm32f4xx_hal_gpio.o
                0x0000000008001fd0                HAL_GPIO_ReadPin
 .text.HAL_RCC_ClockConfig
                0x0000000008002000      0x1cc Drivers/STM32F4xx_HAL_Driver/Src/stm32f4xx_hal_rcc.o
                0x0000000008002000                HAL_RCC_ClockConfig
 .text.HAL_RCC_GetSysClockFreq
                0x00000000080021cc      0x33c Drivers/STM32F4xx_HAL_Driver/Src/stm32f4xx_hal_rcc_ex.o
                0x00000000080021cc                HAL_RCC_GetSysClockFreq
 .text.HAL_RCC_OscConfig
                0x0000000008002508      0x4b4 Drivers/STM32F4xx_HAL_Driver/Src/stm32f4xx_hal_rcc_ex.o
                0x0000000008002508                HAL_RCC_OscConfig
 .text.__libc_init_array
                0x00000000080029bc       0x48 c:/st/stm32cubeide_1.4.0/stm32cubeide/plugins/com.st.stm32cube.ide.mcu.externaltools.gnu-tools-for-stm32.7-2018-q2-update.win32_1.4.0.202007081208/tools/bin/../lib/gcc/arm-none-eabi/7.3.1/../../../../arm-none-eabi/lib/thumb/v7e-m/fpv4-sp/hard\libc_nano.a(lib_a-init.o)
                0x00000000080029bc                __libc_init_array
 .text.memset   0x0000000008002a04       0x10 c:/st/stm32cubeide_1.4.0/stm32cubeide/plugins/com.st.stm32cube.ide.mcu.externaltools.gnu-tools-for-stm32.7-2018-q2-update.win32_1.4.0.202007081208/tools/bin/../lib/gcc/arm-none-eabi/7.3.1/../../../../arm-none-eabi/lib/thumb/v7e-m/fpv4-sp/hard\libc_nano.a(lib_a-memset.o)
                0x0000000008002a04                memset
 *(.glue_7)
 .glue_7        0x0000000008002a14        0x0 linker stubs
 *(.glue_7t)
 .glue_7t       0x0000000008002a14        0x0 linker stubs
 *(.eh_frame)
 .eh_frame      0x0000000008002a14        0x0 c:/st/stm32cubeide_1.4.0/stm32cubeide/plugins/com.st.stm32cube.ide.mcu.externaltools.gnu-tools-for-stm32.7-2018-q2-update.win32_1.4.0.202007081208/tools/bin/../lib/gcc/arm-none-eabi/7.3.1/thumb/v7e-m/fpv4-sp/hard/crtbegin.o
 *(.init)
 .init          0x0000000008002a14        0x4 c:/st/stm32cubeide_1.4.0/stm32cubeide/plugins/com.st.stm32cube.ide.mcu.externaltools.gnu-tools-for-stm32.7-2018-q2-update.win32_1.4.0.202007081208/tools/bin/../lib/gcc/arm-none-eabi/7.3.1/thumb/v7e-m/fpv4-sp/hard/crti.o
                0x0000000008002a14                _init
 .init          0x0000000008002a18        0x8 c:/st/stm32cubeide_1.4.0/stm32cubeide/plugins/com.st.stm32cube.ide.mcu.externaltools.gnu-tools-for-stm32.7-2018-q2-update.win32_1.4.0.202007081208/tools/bin/../lib/gcc/arm-none-eabi/7.3.1/thumb/v7e-m/fpv4-sp/hard/crtn.o
 *(.fini)
 .fini          0x0000000008002a20        0x4 c:/st/stm32cubeide_1.4.0/stm32cubeide/plugins/com.st.stm32cube.ide.mcu.externaltools.gnu-tools-for-stm32.7-2018-q2-update.win32_1.4.0.202007081208/tools/bin/../lib/gcc/arm-none-eabi/7.3.1/thumb/v7e-m/fpv4-sp/hard/crti.o
                0x0000000008002a20                _fini
 .fini          0x0000000008002a24        0x8 c:/st/stm32cubeide_1.4.0/stm32cubeide/plugins/com.st.stm32cube.ide.mcu.externaltools.gnu-tools-for-stm32.7-2018-q2-update.win32_1.4.0.202007081208/tools/bin/../lib/gcc/arm-none-eabi/7.3.1/thumb/v7e-m/fpv4-sp/hard/crtn.o
                0x0000000008002a2c                . = ALIGN (0x4)
                0x0000000008002a2c                _etext = .

.vfp11_veneer   0x0000000008002a2c        0x0
 .vfp11_veneer  0x0000000008002a2c        0x0 linker stubs

.v4_bx          0x0000000008002a2c        0x0
 .v4_bx         0x0000000008002a2c        0x0 linker stubs

.iplt           0x0000000008002a2c        0x0
 .iplt          0x0000000008002a2c        0x0 c:/st/stm32cubeide_1.4.0/stm32cubeide/plugins/com.st.stm32cube.ide.mcu.externaltools.gnu-tools-for-stm32.7-2018-q2-update.win32_1.4.0.202007081208/tools/bin/../lib/gcc/arm-none-eabi/7.3.1/thumb/v7e-m/fpv4-sp/hard/crtbegin.o

.rodata         0x0000000008002a2c       0x10
                0x0000000008002a2c                . = ALIGN (0x4)
 *(.rodata)
 *(.rodata*)
 .rodata.AHBPrescTable
                0x0000000008002a2c       0x10 Core/Src/system_stm32f4xx.o
                0x0000000008002a2c                AHBPrescTable
                0x0000000008002a3c                . = ALIGN (0x4)

.ARM.extab      0x0000000008002a3c        0x0
                0x0000000008002a3c                . = ALIGN (0x4)
 *(.ARM.extab* .gnu.linkonce.armextab.*)
                0x0000000008002a3c                . = ALIGN (0x4)

.ARM            0x0000000008002a3c        0x8
                0x0000000008002a3c                . = ALIGN (0x4)
                0x0000000008002a3c                __exidx_start = .
 *(.ARM.exidx*)
 .ARM.exidx     0x0000000008002a3c        0x8 c:/st/stm32cubeide_1.4.0/stm32cubeide/plugins/com.st.stm32cube.ide.mcu.externaltools.gnu-tools-for-stm32.7-2018-q2-update.win32_1.4.0.202007081208/tools/bin/../lib/gcc/arm-none-eabi/7.3.1/thumb/v7e-m/fpv4-sp/hard\libgcc.a(_udivmoddi4.o)
                0x0000000008002a44                __exidx_end = .
                0x0000000008002a44                . = ALIGN (0x4)

.rel.dyn        0x0000000008002a44        0x0
 .rel.iplt      0x0000000008002a44        0x0 c:/st/stm32cubeide_1.4.0/stm32cubeide/plugins/com.st.stm32cube.ide.mcu.externaltools.gnu-tools-for-stm32.7-2018-q2-update.win32_1.4.0.202007081208/tools/bin/../lib/gcc/arm-none-eabi/7.3.1/thumb/v7e-m/fpv4-sp/hard/crtbegin.o

.preinit_array  0x0000000008002a44        0x0
                0x0000000008002a44                . = ALIGN (0x4)
                0x0000000008002a44                PROVIDE (__preinit_array_start = .)
 *(.preinit_array*)
                0x0000000008002a44                PROVIDE (__preinit_array_end = .)
                0x0000000008002a44                . = ALIGN (0x4)

.init_array     0x0000000008002a44        0x4
                0x0000000008002a44                . = ALIGN (0x4)
                0x0000000008002a44                PROVIDE (__init_array_start = .)
 *(SORT_BY_NAME(.init_array.*))
 *(.init_array*)
 .init_array    0x0000000008002a44        0x4 c:/st/stm32cubeide_1.4.0/stm32cubeide/plugins/com.st.stm32cube.ide.mcu.externaltools.gnu-tools-for-stm32.7-2018-q2-update.win32_1.4.0.202007081208/tools/bin/../lib/gcc/arm-none-eabi/7.3.1/thumb/v7e-m/fpv4-sp/hard/crtbegin.o
                0x0000000008002a48                PROVIDE (__init_array_end = .)
                0x0000000008002a48                . = ALIGN (0x4)

.fini_array     0x0000000008002a48        0x4
                0x0000000008002a48                . = ALIGN (0x4)
                [!provide]                        PROVIDE (__fini_array_start = .)
 *(SORT_BY_NAME(.fini_array.*))
 *(.fini_array*)
 .fini_array    0x0000000008002a48        0x4 c:/st/stm32cubeide_1.4.0/stm32cubeide/plugins/com.st.stm32cube.ide.mcu.externaltools.gnu-tools-for-stm32.7-2018-q2-update.win32_1.4.0.202007081208/tools/bin/../lib/gcc/arm-none-eabi/7.3.1/thumb/v7e-m/fpv4-sp/hard/crtbegin.o
                [!provide]                        PROVIDE (__fini_array_end = .)
                0x0000000008002a4c                . = ALIGN (0x4)
                0x0000000008002a4c                _sidata = LOADADDR (.data)

.data           0x0000000020000000       0x70 load address 0x0000000008002a4c
                0x0000000020000000                . = ALIGN (0x4)
                0x0000000020000000                _sdata = .
 *(.data)
 *(.data*)
 .data.swInputsConfig
                0x0000000020000000       0x54 Core/Src/swConfig.o
                0x0000000020000000                swInputsConfig
 .data.canMsgConfigs
                0x0000000020000054       0x10 Core/Src/swConfig.o
                0x0000000020000054                canMsgConfigs
 .data.SystemCoreClock
                0x0000000020000064        0x4 Core/Src/system_stm32f4xx.o
                0x0000000020000064                SystemCoreClock
 .data.uwTickPrio
                0x0000000020000068        0x4 Drivers/STM32F4xx_HAL_Driver/Src/stm32f4xx_hal.o
                0x0000000020000068                uwTickPrio
 .data.uwTickFreq
                0x000000002000006c        0x1 Drivers/STM32F4xx_HAL_Driver/Src/stm32f4xx_hal.o
                0x000000002000006c                uwTickFreq
                0x0000000020000070                . = ALIGN (0x4)
 *fill*         0x000000002000006d        0x3 
                0x0000000020000070                _edata = .

.igot.plt       0x0000000020000070        0x0 load address 0x0000000008002abc
 .igot.plt      0x0000000020000070        0x0 c:/st/stm32cubeide_1.4.0/stm32cubeide/plugins/com.st.stm32cube.ide.mcu.externaltools.gnu-tools-for-stm32.7-2018-q2-update.win32_1.4.0.202007081208/tools/bin/../lib/gcc/arm-none-eabi/7.3.1/thumb/v7e-m/fpv4-sp/hard/crtbegin.o
                0x0000000020000070                . = ALIGN (0x4)

.bss            0x0000000020000070       0xbc load address 0x0000000008002abc
                0x0000000020000070                _sbss = .
                0x0000000020000070                __bss_start__ = _sbss
 *(.bss)
 .bss           0x0000000020000070       0x1c c:/st/stm32cubeide_1.4.0/stm32cubeide/plugins/com.st.stm32cube.ide.mcu.externaltools.gnu-tools-for-stm32.7-2018-q2-update.win32_1.4.0.202007081208/tools/bin/../lib/gcc/arm-none-eabi/7.3.1/thumb/v7e-m/fpv4-sp/hard/crtbegin.o
 *(.bss*)
 *(COMMON)
 COMMON         0x000000002000008c       0x48 Core/Src/adc.o
                0x000000002000008c                hadc1
 COMMON         0x00000000200000d4       0x28 Core/Src/can.o
                0x00000000200000d4                hcan2
 COMMON         0x00000000200000fc       0x24 Core/Src/main.o
                0x00000000200000fc                swHandle
                0x000000002000011c                txMailbox
 COMMON         0x0000000020000120        0x8 Core/Src/sw.o
                0x0000000020000120                getSytemClock
                0x0000000020000124                sendCanMsg
 COMMON         0x0000000020000128        0x4 Drivers/STM32F4xx_HAL_Driver/Src/stm32f4xx_hal.o
                0x0000000020000128                uwTick
                0x000000002000012c                . = ALIGN (0x4)
                0x000000002000012c                _ebss = .
                0x000000002000012c                __bss_end__ = _ebss

._user_heap_stack
                0x000000002000012c      0x604 load address 0x0000000008002abc
                0x0000000020000130                . = ALIGN (0x8)
 *fill*         0x000000002000012c        0x4 
                [!provide]                        PROVIDE (end = .)
                0x0000000020000130                PROVIDE (_end = .)
                0x0000000020000330                . = (. + _Min_Heap_Size)
 *fill*         0x0000000020000130      0x200 
                0x0000000020000730                . = (. + _Min_Stack_Size)
 *fill*         0x0000000020000330      0x400 
                0x0000000020000730                . = ALIGN (0x8)

/DISCARD/
 libc.a(*)
 libm.a(*)
 libgcc.a(*)

.ARM.attributes
                0x0000000000000000       0x30
 *(.ARM.attributes)
 .ARM.attributes
                0x0000000000000000       0x22 c:/st/stm32cubeide_1.4.0/stm32cubeide/plugins/com.st.stm32cube.ide.mcu.externaltools.gnu-tools-for-stm32.7-2018-q2-update.win32_1.4.0.202007081208/tools/bin/../lib/gcc/arm-none-eabi/7.3.1/thumb/v7e-m/fpv4-sp/hard/crti.o
 .ARM.attributes
                0x0000000000000022       0x34 c:/st/stm32cubeide_1.4.0/stm32cubeide/plugins/com.st.stm32cube.ide.mcu.externaltools.gnu-tools-for-stm32.7-2018-q2-update.win32_1.4.0.202007081208/tools/bin/../lib/gcc/arm-none-eabi/7.3.1/thumb/v7e-m/fpv4-sp/hard/crtbegin.o
 .ARM.attributes
                0x0000000000000056       0x39 Core/Src/adc.o
 .ARM.attributes
                0x000000000000008f       0x39 Core/Src/can.o
 .ARM.attributes
                0x00000000000000c8       0x39 Core/Src/gpio.o
 .ARM.attributes
                0x0000000000000101       0x39 Core/Src/main.o
 .ARM.attributes
                0x000000000000013a       0x39 Core/Src/stm32f4xx_hal_msp.o
 .ARM.attributes
                0x0000000000000173       0x39 Core/Src/stm32f4xx_it.o
 .ARM.attributes
                0x00000000000001ac       0x39 Core/Src/sw.o
 .ARM.attributes
                0x00000000000001e5       0x39 Core/Src/swConfig.o
 .ARM.attributes
                0x000000000000021e       0x39 Core/Src/swInputsIO.o
 .ARM.attributes
                0x0000000000000257       0x39 Core/Src/system_stm32f4xx.o
 .ARM.attributes
                0x0000000000000290       0x21 Core/Startup/startup_stm32f446retx.o
 .ARM.attributes
                0x00000000000002b1       0x39 Drivers/STM32F4xx_HAL_Driver/Src/stm32f4xx_hal.o
 .ARM.attributes
                0x00000000000002ea       0x39 Drivers/STM32F4xx_HAL_Driver/Src/stm32f4xx_hal_adc.o
 .ARM.attributes
                0x0000000000000323       0x39 Drivers/STM32F4xx_HAL_Driver/Src/stm32f4xx_hal_can.o
 .ARM.attributes
                0x000000000000035c       0x39 Drivers/STM32F4xx_HAL_Driver/Src/stm32f4xx_hal_cortex.o
 .ARM.attributes
                0x0000000000000395       0x39 Drivers/STM32F4xx_HAL_Driver/Src/stm32f4xx_hal_gpio.o
 .ARM.attributes
                0x00000000000003ce       0x39 Drivers/STM32F4xx_HAL_Driver/Src/stm32f4xx_hal_rcc.o
 .ARM.attributes
                0x0000000000000407       0x39 Drivers/STM32F4xx_HAL_Driver/Src/stm32f4xx_hal_rcc_ex.o
 .ARM.attributes
                0x0000000000000440       0x34 c:/st/stm32cubeide_1.4.0/stm32cubeide/plugins/com.st.stm32cube.ide.mcu.externaltools.gnu-tools-for-stm32.7-2018-q2-update.win32_1.4.0.202007081208/tools/bin/../lib/gcc/arm-none-eabi/7.3.1/../../../../arm-none-eabi/lib/thumb/v7e-m/fpv4-sp/hard\libc_nano.a(lib_a-init.o)
 .ARM.attributes
                0x0000000000000474       0x34 c:/st/stm32cubeide_1.4.0/stm32cubeide/plugins/com.st.stm32cube.ide.mcu.externaltools.gnu-tools-for-stm32.7-2018-q2-update.win32_1.4.0.202007081208/tools/bin/../lib/gcc/arm-none-eabi/7.3.1/../../../../arm-none-eabi/lib/thumb/v7e-m/fpv4-sp/hard\libc_nano.a(lib_a-memset.o)
 .ARM.attributes
                0x00000000000004a8       0x22 c:/st/stm32cubeide_1.4.0/stm32cubeide/plugins/com.st.stm32cube.ide.mcu.externaltools.gnu-tools-for-stm32.7-2018-q2-update.win32_1.4.0.202007081208/tools/bin/../lib/gcc/arm-none-eabi/7.3.1/thumb/v7e-m/fpv4-sp/hard\libgcc.a(_aeabi_uldivmod.o)
 .ARM.attributes
                0x00000000000004ca       0x34 c:/st/stm32cubeide_1.4.0/stm32cubeide/plugins/com.st.stm32cube.ide.mcu.externaltools.gnu-tools-for-stm32.7-2018-q2-update.win32_1.4.0.202007081208/tools/bin/../lib/gcc/arm-none-eabi/7.3.1/thumb/v7e-m/fpv4-sp/hard\libgcc.a(_udivmoddi4.o)
 .ARM.attributes
                0x00000000000004fe       0x22 c:/st/stm32cubeide_1.4.0/stm32cubeide/plugins/com.st.stm32cube.ide.mcu.externaltools.gnu-tools-for-stm32.7-2018-q2-update.win32_1.4.0.202007081208/tools/bin/../lib/gcc/arm-none-eabi/7.3.1/thumb/v7e-m/fpv4-sp/hard\libgcc.a(_dvmd_tls.o)
 .ARM.attributes
                0x0000000000000520       0x22 c:/st/stm32cubeide_1.4.0/stm32cubeide/plugins/com.st.stm32cube.ide.mcu.externaltools.gnu-tools-for-stm32.7-2018-q2-update.win32_1.4.0.202007081208/tools/bin/../lib/gcc/arm-none-eabi/7.3.1/thumb/v7e-m/fpv4-sp/hard/crtn.o
OUTPUT(SteeringWheelCAN.elf elf32-littlearm)

.debug_info     0x0000000000000000     0xa8a6
 .debug_info    0x0000000000000000      0xb66 Core/Src/adc.o
 .debug_info    0x0000000000000b66      0x8f2 Core/Src/can.o
 .debug_info    0x0000000000001458      0xadf Core/Src/gpio.o
 .debug_info    0x0000000000001f37     0x1871 Core/Src/main.o
 .debug_info    0x00000000000037a8      0x396 Core/Src/stm32f4xx_hal_msp.o
 .debug_info    0x0000000000003b3e      0x20a Core/Src/stm32f4xx_it.o
 .debug_info    0x0000000000003d48      0xae6 Core/Src/sw.o
 .debug_info    0x000000000000482e      0x207 Core/Src/swConfig.o
 .debug_info    0x0000000000004a35      0x933 Core/Src/swInputsIO.o
 .debug_info    0x0000000000005368      0x588 Core/Src/system_stm32f4xx.o
 .debug_info    0x00000000000058f0       0x22 Core/Startup/startup_stm32f446retx.o
 .debug_info    0x0000000000005912      0x997 Drivers/STM32F4xx_HAL_Driver/Src/stm32f4xx_hal.o
 .debug_info    0x00000000000062a9      0xcee Drivers/STM32F4xx_HAL_Driver/Src/stm32f4xx_hal_adc.o
 .debug_info    0x0000000000006f97      0xfad Drivers/STM32F4xx_HAL_Driver/Src/stm32f4xx_hal_can.o
 .debug_info    0x0000000000007f44      0xe46 Drivers/STM32F4xx_HAL_Driver/Src/stm32f4xx_hal_cortex.o
 .debug_info    0x0000000000008d8a      0x803 Drivers/STM32F4xx_HAL_Driver/Src/stm32f4xx_hal_gpio.o
 .debug_info    0x000000000000958d      0x944 Drivers/STM32F4xx_HAL_Driver/Src/stm32f4xx_hal_rcc.o
 .debug_info    0x0000000000009ed1      0x9d5 Drivers/STM32F4xx_HAL_Driver/Src/stm32f4xx_hal_rcc_ex.o

.debug_abbrev   0x0000000000000000     0x1d77
 .debug_abbrev  0x0000000000000000      0x1b0 Core/Src/adc.o
 .debug_abbrev  0x00000000000001b0      0x1ad Core/Src/can.o
 .debug_abbrev  0x000000000000035d      0x183 Core/Src/gpio.o
 .debug_abbrev  0x00000000000004e0      0x257 Core/Src/main.o
 .debug_abbrev  0x0000000000000737      0x109 Core/Src/stm32f4xx_hal_msp.o
 .debug_abbrev  0x0000000000000840       0xc6 Core/Src/stm32f4xx_it.o
 .debug_abbrev  0x0000000000000906      0x1dc Core/Src/sw.o
 .debug_abbrev  0x0000000000000ae2       0xaf Core/Src/swConfig.o
 .debug_abbrev  0x0000000000000b91      0x1fc Core/Src/swInputsIO.o
 .debug_abbrev  0x0000000000000d8d      0x12b Core/Src/system_stm32f4xx.o
 .debug_abbrev  0x0000000000000eb8       0x12 Core/Startup/startup_stm32f446retx.o
 .debug_abbrev  0x0000000000000eca      0x1c7 Drivers/STM32F4xx_HAL_Driver/Src/stm32f4xx_hal.o
 .debug_abbrev  0x0000000000001091      0x205 Drivers/STM32F4xx_HAL_Driver/Src/stm32f4xx_hal_adc.o
 .debug_abbrev  0x0000000000001296      0x21d Drivers/STM32F4xx_HAL_Driver/Src/stm32f4xx_hal_can.o
 .debug_abbrev  0x00000000000014b3      0x2fa Drivers/STM32F4xx_HAL_Driver/Src/stm32f4xx_hal_cortex.o
 .debug_abbrev  0x00000000000017ad      0x1c9 Drivers/STM32F4xx_HAL_Driver/Src/stm32f4xx_hal_gpio.o
 .debug_abbrev  0x0000000000001976      0x245 Drivers/STM32F4xx_HAL_Driver/Src/stm32f4xx_hal_rcc.o
 .debug_abbrev  0x0000000000001bbb      0x1bc Drivers/STM32F4xx_HAL_Driver/Src/stm32f4xx_hal_rcc_ex.o

.debug_aranges  0x0000000000000000      0x7a0
 .debug_aranges
                0x0000000000000000       0x30 Core/Src/adc.o
 .debug_aranges
                0x0000000000000030       0x30 Core/Src/can.o
 .debug_aranges
                0x0000000000000060       0x20 Core/Src/gpio.o
 .debug_aranges
                0x0000000000000080       0x38 Core/Src/main.o
 .debug_aranges
                0x00000000000000b8       0x20 Core/Src/stm32f4xx_hal_msp.o
 .debug_aranges
                0x00000000000000d8       0x60 Core/Src/stm32f4xx_it.o
 .debug_aranges
                0x0000000000000138       0x38 Core/Src/sw.o
 .debug_aranges
                0x0000000000000170       0x18 Core/Src/swConfig.o
 .debug_aranges
                0x0000000000000188       0x48 Core/Src/swInputsIO.o
 .debug_aranges
                0x00000000000001d0       0x28 Core/Src/system_stm32f4xx.o
 .debug_aranges
                0x00000000000001f8       0x28 Core/Startup/startup_stm32f446retx.o
 .debug_aranges
                0x0000000000000220       0xf0 Drivers/STM32F4xx_HAL_Driver/Src/stm32f4xx_hal.o
 .debug_aranges
                0x0000000000000310       0xe8 Drivers/STM32F4xx_HAL_Driver/Src/stm32f4xx_hal_adc.o
 .debug_aranges
                0x00000000000003f8      0x138 Drivers/STM32F4xx_HAL_Driver/Src/stm32f4xx_hal_can.o
 .debug_aranges
                0x0000000000000530      0x118 Drivers/STM32F4xx_HAL_Driver/Src/stm32f4xx_hal_cortex.o
 .debug_aranges
                0x0000000000000648       0x58 Drivers/STM32F4xx_HAL_Driver/Src/stm32f4xx_hal_gpio.o
 .debug_aranges
                0x00000000000006a0       0x88 Drivers/STM32F4xx_HAL_Driver/Src/stm32f4xx_hal_rcc.o
 .debug_aranges
                0x0000000000000728       0x78 Drivers/STM32F4xx_HAL_Driver/Src/stm32f4xx_hal_rcc_ex.o

.debug_ranges   0x0000000000000000      0x680
 .debug_ranges  0x0000000000000000       0x20 Core/Src/adc.o
 .debug_ranges  0x0000000000000020       0x20 Core/Src/can.o
 .debug_ranges  0x0000000000000040       0x10 Core/Src/gpio.o
 .debug_ranges  0x0000000000000050       0x28 Core/Src/main.o
 .debug_ranges  0x0000000000000078       0x10 Core/Src/stm32f4xx_hal_msp.o
 .debug_ranges  0x0000000000000088       0x50 Core/Src/stm32f4xx_it.o
 .debug_ranges  0x00000000000000d8       0x28 Core/Src/sw.o
 .debug_ranges  0x0000000000000100       0x38 Core/Src/swInputsIO.o
 .debug_ranges  0x0000000000000138       0x18 Core/Src/system_stm32f4xx.o
 .debug_ranges  0x0000000000000150       0x20 Core/Startup/startup_stm32f446retx.o
 .debug_ranges  0x0000000000000170       0xe0 Drivers/STM32F4xx_HAL_Driver/Src/stm32f4xx_hal.o
 .debug_ranges  0x0000000000000250       0xd8 Drivers/STM32F4xx_HAL_Driver/Src/stm32f4xx_hal_adc.o
 .debug_ranges  0x0000000000000328      0x128 Drivers/STM32F4xx_HAL_Driver/Src/stm32f4xx_hal_can.o
 .debug_ranges  0x0000000000000450      0x108 Drivers/STM32F4xx_HAL_Driver/Src/stm32f4xx_hal_cortex.o
 .debug_ranges  0x0000000000000558       0x48 Drivers/STM32F4xx_HAL_Driver/Src/stm32f4xx_hal_gpio.o
 .debug_ranges  0x00000000000005a0       0x78 Drivers/STM32F4xx_HAL_Driver/Src/stm32f4xx_hal_rcc.o
 .debug_ranges  0x0000000000000618       0x68 Drivers/STM32F4xx_HAL_Driver/Src/stm32f4xx_hal_rcc_ex.o

.debug_macro    0x0000000000000000    0x21dd5
 .debug_macro   0x0000000000000000      0x219 Core/Src/adc.o
 .debug_macro   0x0000000000000219      0xa5a Core/Src/adc.o
 .debug_macro   0x0000000000000c73      0x294 Core/Src/adc.o
 .debug_macro   0x0000000000000f07       0x2e Core/Src/adc.o
 .debug_macro   0x0000000000000f35       0x28 Core/Src/adc.o
 .debug_macro   0x0000000000000f5d       0x22 Core/Src/adc.o
 .debug_macro   0x0000000000000f7f       0x8e Core/Src/adc.o
 .debug_macro   0x000000000000100d       0x51 Core/Src/adc.o
 .debug_macro   0x000000000000105e       0xef Core/Src/adc.o
 .debug_macro   0x000000000000114d       0x6a Core/Src/adc.o
 .debug_macro   0x00000000000011b7      0x1df Core/Src/adc.o
 .debug_macro   0x0000000000001396       0x1c Core/Src/adc.o
 .debug_macro   0x00000000000013b2       0x22 Core/Src/adc.o
 .debug_macro   0x00000000000013d4       0xdf Core/Src/adc.o
 .debug_macro   0x00000000000014b3     0x102d Core/Src/adc.o
 .debug_macro   0x00000000000024e0      0x11f Core/Src/adc.o
 .debug_macro   0x00000000000025ff    0x1672d Core/Src/adc.o
 .debug_macro   0x0000000000018d2c       0x43 Core/Src/adc.o
 .debug_macro   0x0000000000018d6f     0x3659 Core/Src/adc.o
 .debug_macro   0x000000000001c3c8      0x174 Core/Src/adc.o
 .debug_macro   0x000000000001c53c       0x5a Core/Src/adc.o
 .debug_macro   0x000000000001c596      0xc90 Core/Src/adc.o
 .debug_macro   0x000000000001d226      0x9fe Core/Src/adc.o
 .debug_macro   0x000000000001dc24      0x117 Core/Src/adc.o
 .debug_macro   0x000000000001dd3b      0x1a0 Core/Src/adc.o
 .debug_macro   0x000000000001dedb       0x27 Core/Src/adc.o
 .debug_macro   0x000000000001df02      0x16d Core/Src/adc.o
 .debug_macro   0x000000000001e06f      0x287 Core/Src/adc.o
 .debug_macro   0x000000000001e2f6       0x5f Core/Src/adc.o
 .debug_macro   0x000000000001e355      0x236 Core/Src/adc.o
 .debug_macro   0x000000000001e58b      0x391 Core/Src/adc.o
 .debug_macro   0x000000000001e91c      0x17d Core/Src/adc.o
 .debug_macro   0x000000000001ea99       0xf9 Core/Src/adc.o
 .debug_macro   0x000000000001eb92      0x40f Core/Src/adc.o
 .debug_macro   0x000000000001efa1      0x132 Core/Src/adc.o
 .debug_macro   0x000000000001f0d3      0x29c Core/Src/adc.o
 .debug_macro   0x000000000001f36f       0x2e Core/Src/adc.o
 .debug_macro   0x000000000001f39d      0x11a Core/Src/adc.o
 .debug_macro   0x000000000001f4b7       0xe8 Core/Src/adc.o
 .debug_macro   0x000000000001f59f       0x89 Core/Src/adc.o
 .debug_macro   0x000000000001f628      0x126 Core/Src/adc.o
 .debug_macro   0x000000000001f74e       0x58 Core/Src/adc.o
 .debug_macro   0x000000000001f7a6       0x22 Core/Src/adc.o
 .debug_macro   0x000000000001f7c8       0x16 Core/Src/adc.o
 .debug_macro   0x000000000001f7de       0x58 Core/Src/adc.o
 .debug_macro   0x000000000001f836      0x1ec Core/Src/can.o
 .debug_macro   0x000000000001fa22      0x219 Core/Src/gpio.o
 .debug_macro   0x000000000001fc3b      0x2f0 Core/Src/main.o
 .debug_macro   0x000000000001ff2b       0x46 Core/Src/main.o
 .debug_macro   0x000000000001ff71       0x18 Core/Src/main.o
 .debug_macro   0x000000000001ff89       0x3c Core/Src/main.o
 .debug_macro   0x000000000001ffc5       0x34 Core/Src/main.o
 .debug_macro   0x000000000001fff9       0x52 Core/Src/main.o
 .debug_macro   0x000000000002004b       0x1f Core/Src/main.o
 .debug_macro   0x000000000002006a       0x43 Core/Src/main.o
 .debug_macro   0x00000000000200ad       0x20 Core/Src/main.o
 .debug_macro   0x00000000000200cd      0x1a3 Core/Src/main.o
 .debug_macro   0x0000000000020270      0x32a Core/Src/main.o
 .debug_macro   0x000000000002059a       0x10 Core/Src/main.o
 .debug_macro   0x00000000000205aa       0x35 Core/Src/main.o
 .debug_macro   0x00000000000205df       0x20 Core/Src/main.o
 .debug_macro   0x00000000000205ff      0x1e2 Core/Src/stm32f4xx_hal_msp.o
 .debug_macro   0x00000000000207e1      0x1ec Core/Src/stm32f4xx_it.o
 .debug_macro   0x00000000000209cd      0x219 Core/Src/sw.o
 .debug_macro   0x0000000000020be6       0x79 Core/Src/swConfig.o
 .debug_macro   0x0000000000020c5f      0x215 Core/Src/swInputsIO.o
 .debug_macro   0x0000000000020e74      0x1d9 Core/Src/system_stm32f4xx.o
 .debug_macro   0x000000000002104d      0x233 Drivers/STM32F4xx_HAL_Driver/Src/stm32f4xx_hal.o
 .debug_macro   0x0000000000021280      0x1d4 Drivers/STM32F4xx_HAL_Driver/Src/stm32f4xx_hal_adc.o
 .debug_macro   0x0000000000021454      0x1db Drivers/STM32F4xx_HAL_Driver/Src/stm32f4xx_hal_can.o
 .debug_macro   0x000000000002162f      0x1d3 Drivers/STM32F4xx_HAL_Driver/Src/stm32f4xx_hal_cortex.o
 .debug_macro   0x0000000000021802      0x209 Drivers/STM32F4xx_HAL_Driver/Src/stm32f4xx_hal_gpio.o
 .debug_macro   0x0000000000021a0b      0x1f7 Drivers/STM32F4xx_HAL_Driver/Src/stm32f4xx_hal_rcc.o
 .debug_macro   0x0000000000021c02      0x1d3 Drivers/STM32F4xx_HAL_Driver/Src/stm32f4xx_hal_rcc_ex.o

.debug_line     0x0000000000000000     0x8bda
 .debug_line    0x0000000000000000      0x741 Core/Src/adc.o
 .debug_line    0x0000000000000741      0x6f6 Core/Src/can.o
 .debug_line    0x0000000000000e37      0x70e Core/Src/gpio.o
 .debug_line    0x0000000000001545      0x8c7 Core/Src/main.o
 .debug_line    0x0000000000001e0c      0x6c0 Core/Src/stm32f4xx_hal_msp.o
 .debug_line    0x00000000000024cc      0x764 Core/Src/stm32f4xx_it.o
 .debug_line    0x0000000000002c30      0x78a Core/Src/sw.o
 .debug_line    0x00000000000033ba      0x3b0 Core/Src/swConfig.o
 .debug_line    0x000000000000376a      0x76d Core/Src/swInputsIO.o
 .debug_line    0x0000000000003ed7      0x6db Core/Src/system_stm32f4xx.o
 .debug_line    0x00000000000045b2       0x85 Core/Startup/startup_stm32f446retx.o
 .debug_line    0x0000000000004637      0x8c5 Drivers/STM32F4xx_HAL_Driver/Src/stm32f4xx_hal.o
 .debug_line    0x0000000000004efc      0xb2c Drivers/STM32F4xx_HAL_Driver/Src/stm32f4xx_hal_adc.o
 .debug_line    0x0000000000005a28      0xb6e Drivers/STM32F4xx_HAL_Driver/Src/stm32f4xx_hal_can.o
 .debug_line    0x0000000000006596      0x9e9 Drivers/STM32F4xx_HAL_Driver/Src/stm32f4xx_hal_cortex.o
 .debug_line    0x0000000000006f7f      0x890 Drivers/STM32F4xx_HAL_Driver/Src/stm32f4xx_hal_gpio.o
 .debug_line    0x000000000000780f      0x91d Drivers/STM32F4xx_HAL_Driver/Src/stm32f4xx_hal_rcc.o
 .debug_line    0x000000000000812c      0xaae Drivers/STM32F4xx_HAL_Driver/Src/stm32f4xx_hal_rcc_ex.o

.debug_str      0x0000000000000000    0xcbee0
 .debug_str     0x0000000000000000    0xc6916 Core/Src/adc.o
                                      0xc6c62 (size before relaxing)
 .debug_str     0x00000000000c6916      0x255 Core/Src/can.o
                                      0xc6839 (size before relaxing)
 .debug_str     0x00000000000c6b6b       0x20 Core/Src/gpio.o
                                      0xc6bd9 (size before relaxing)
 .debug_str     0x00000000000c6b8b     0x3194 Core/Src/main.o
                                      0xc9f8d (size before relaxing)
 .debug_str     0x00000000000c9d1f       0x2c Core/Src/stm32f4xx_hal_msp.o
                                      0xc650b (size before relaxing)
 .debug_str     0x00000000000c9d4b       0xbd Core/Src/stm32f4xx_it.o
                                      0xc6474 (size before relaxing)
 .debug_str     0x00000000000c9e08      0x178 Core/Src/sw.o
                                      0xc6c73 (size before relaxing)
 .debug_str     0x00000000000c9f80       0x17 Core/Src/swConfig.o
                                       0x3e94 (size before relaxing)
 .debug_str     0x00000000000c9f97       0xc6 Core/Src/swInputsIO.o
                                      0xc6b55 (size before relaxing)
 .debug_str     0x00000000000ca05d       0xc4 Core/Src/system_stm32f4xx.o
                                      0xc642c (size before relaxing)
 .debug_str     0x00000000000ca121       0x36 Core/Startup/startup_stm32f446retx.o
                                         0x78 (size before relaxing)
 .debug_str     0x00000000000ca157      0xa8f Drivers/STM32F4xx_HAL_Driver/Src/stm32f4xx_hal.o
                                      0xc6f3a (size before relaxing)
 .debug_str     0x00000000000cabe6      0x2b6 Drivers/STM32F4xx_HAL_Driver/Src/stm32f4xx_hal_adc.o
                                      0xc699e (size before relaxing)
 .debug_str     0x00000000000cae9c      0x532 Drivers/STM32F4xx_HAL_Driver/Src/stm32f4xx_hal_can.o
                                      0xc6afe (size before relaxing)
 .debug_str     0x00000000000cb3ce      0x397 Drivers/STM32F4xx_HAL_Driver/Src/stm32f4xx_hal_cortex.o
                                      0xc6d04 (size before relaxing)
 .debug_str     0x00000000000cb765      0x1fe Drivers/STM32F4xx_HAL_Driver/Src/stm32f4xx_hal_gpio.o
                                      0xc666b (size before relaxing)
 .debug_str     0x00000000000cb963      0x259 Drivers/STM32F4xx_HAL_Driver/Src/stm32f4xx_hal_rcc.o
                                      0xc681e (size before relaxing)
 .debug_str     0x00000000000cbbbc      0x324 Drivers/STM32F4xx_HAL_Driver/Src/stm32f4xx_hal_rcc_ex.o
                                      0xc6870 (size before relaxing)

.comment        0x0000000000000000       0x7b
 .comment       0x0000000000000000       0x7b Core/Src/adc.o
                                         0x7c (size before relaxing)
 .comment       0x000000000000007b       0x7c Core/Src/can.o
 .comment       0x000000000000007b       0x7c Core/Src/gpio.o
 .comment       0x000000000000007b       0x7c Core/Src/main.o
 .comment       0x000000000000007b       0x7c Core/Src/stm32f4xx_hal_msp.o
 .comment       0x000000000000007b       0x7c Core/Src/stm32f4xx_it.o
 .comment       0x000000000000007b       0x7c Core/Src/sw.o
 .comment       0x000000000000007b       0x7c Core/Src/swConfig.o
 .comment       0x000000000000007b       0x7c Core/Src/swInputsIO.o
 .comment       0x000000000000007b       0x7c Core/Src/system_stm32f4xx.o
 .comment       0x000000000000007b       0x7c Drivers/STM32F4xx_HAL_Driver/Src/stm32f4xx_hal.o
 .comment       0x000000000000007b       0x7c Drivers/STM32F4xx_HAL_Driver/Src/stm32f4xx_hal_adc.o
 .comment       0x000000000000007b       0x7c Drivers/STM32F4xx_HAL_Driver/Src/stm32f4xx_hal_can.o
 .comment       0x000000000000007b       0x7c Drivers/STM32F4xx_HAL_Driver/Src/stm32f4xx_hal_cortex.o
 .comment       0x000000000000007b       0x7c Drivers/STM32F4xx_HAL_Driver/Src/stm32f4xx_hal_gpio.o
 .comment       0x000000000000007b       0x7c Drivers/STM32F4xx_HAL_Driver/Src/stm32f4xx_hal_rcc.o
 .comment       0x000000000000007b       0x7c Drivers/STM32F4xx_HAL_Driver/Src/stm32f4xx_hal_rcc_ex.o

.debug_frame    0x0000000000000000     0x1c48
 .debug_frame   0x0000000000000000       0x7c Core/Src/adc.o
 .debug_frame   0x000000000000007c       0x74 Core/Src/can.o
 .debug_frame   0x00000000000000f0       0x34 Core/Src/gpio.o
 .debug_frame   0x0000000000000124       0x94 Core/Src/main.o
 .debug_frame   0x00000000000001b8       0x38 Core/Src/stm32f4xx_hal_msp.o
 .debug_frame   0x00000000000001f0      0x10c Core/Src/stm32f4xx_it.o
 .debug_frame   0x00000000000002fc       0xa8 Core/Src/sw.o
 .debug_frame   0x00000000000003a4       0xdc Core/Src/swInputsIO.o
 .debug_frame   0x0000000000000480       0x58 Core/Src/system_stm32f4xx.o
 .debug_frame   0x00000000000004d8      0x374 Drivers/STM32F4xx_HAL_Driver/Src/stm32f4xx_hal.o
 .debug_frame   0x000000000000084c      0x3fc Drivers/STM32F4xx_HAL_Driver/Src/stm32f4xx_hal_adc.o
 .debug_frame   0x0000000000000c48      0x5a0 Drivers/STM32F4xx_HAL_Driver/Src/stm32f4xx_hal_can.o
 .debug_frame   0x00000000000011e8      0x498 Drivers/STM32F4xx_HAL_Driver/Src/stm32f4xx_hal_cortex.o
 .debug_frame   0x0000000000001680      0x14c Drivers/STM32F4xx_HAL_Driver/Src/stm32f4xx_hal_gpio.o
 .debug_frame   0x00000000000017cc      0x1f0 Drivers/STM32F4xx_HAL_Driver/Src/stm32f4xx_hal_rcc.o
 .debug_frame   0x00000000000019bc      0x1e0 Drivers/STM32F4xx_HAL_Driver/Src/stm32f4xx_hal_rcc_ex.o
 .debug_frame   0x0000000000001b9c       0x2c c:/st/stm32cubeide_1.4.0/stm32cubeide/plugins/com.st.stm32cube.ide.mcu.externaltools.gnu-tools-for-stm32.7-2018-q2-update.win32_1.4.0.202007081208/tools/bin/../lib/gcc/arm-none-eabi/7.3.1/../../../../arm-none-eabi/lib/thumb/v7e-m/fpv4-sp/hard\libc_nano.a(lib_a-init.o)
 .debug_frame   0x0000000000001bc8       0x20 c:/st/stm32cubeide_1.4.0/stm32cubeide/plugins/com.st.stm32cube.ide.mcu.externaltools.gnu-tools-for-stm32.7-2018-q2-update.win32_1.4.0.202007081208/tools/bin/../lib/gcc/arm-none-eabi/7.3.1/../../../../arm-none-eabi/lib/thumb/v7e-m/fpv4-sp/hard\libc_nano.a(lib_a-memset.o)
 .debug_frame   0x0000000000001be8       0x2c c:/st/stm32cubeide_1.4.0/stm32cubeide/plugins/com.st.stm32cube.ide.mcu.externaltools.gnu-tools-for-stm32.7-2018-q2-update.win32_1.4.0.202007081208/tools/bin/../lib/gcc/arm-none-eabi/7.3.1/thumb/v7e-m/fpv4-sp/hard\libgcc.a(_aeabi_uldivmod.o)
 .debug_frame   0x0000000000001c14       0x34 c:/st/stm32cubeide_1.4.0/stm32cubeide/plugins/com.st.stm32cube.ide.mcu.externaltools.gnu-tools-for-stm32.7-2018-q2-update.win32_1.4.0.202007081208/tools/bin/../lib/gcc/arm-none-eabi/7.3.1/thumb/v7e-m/fpv4-sp/hard\libgcc.a(_udivmoddi4.o)
